ASxxxx Linker V03.00 + NoICE + sdld,  page 1.
Hexadecimal  [32-Bits]

Area                       Addr        Size        Decimal Bytes (Attributes)
--------------------       ----        ----        ------- ----- ------------
.  .ABS.               00000000    00000000 =           0. bytes (ABS,CON)

        Value  Global            Value  Global            Value  Global    
        -----  ------            -----  ------            -----  ------    
     00000000  .__.ABS.  |    00000000  l__CABS   |    00000000  l__CODE_0
     00000000  l__DABS   |    00000000  l__DATA   |    00000000  l__DRAW_H
     00000000  l__FONT_H |    00000000  l__HEADER |    00000000  l__HEADER
     00000000  l__HEAP   |    00000000  l__HRAM   |    00000000  l__LIT   
     00000000  s__CABS   |    00000000  s__DABS   |    00000000  s__DRAW_H
     00000000  s__DRAW_H |    00000000  s__DRAW_H |    00000000  s__FONT_H
     00000000  s__FONT_H |    00000000  s__HEADER |    00000000  s__HEADER
     00000000  s__HEADER |    00000000  s__HEADER |    00000000  s__HEADER
     00000000  s__HEADER |    00000000  s__HEADER |    00000000  s__HEADER
     00000000  s__HEADER |    00000000  s__HEADER |    00000000  s__HEADER
     00000000  s__HEADER |    00000000  s__HEADER |    00000000  s__HEADER
     00000000  s__HEADER |    00000000  s__HEADER |    00000000  s__HEADER
     00000000  s__HEADER |    00000000  s__HEADER |    00000000  s__HEADER
     00000000  s__HRAM   |    00000000  s__HRAM11 |    00000001  l__GSFINA
     00000001  l__HEADER |    00000001  l__HEADER |    00000001  l__HEADER
     00000001  l__HEADER |    00000001  l__HEADER |    00000001  l__HEADER
     00000001  l__HEADER |    00000002  l__HEADER |    00000002  l__HEADER
     00000002  l__HRAM11 |    00000003  l__DRAW_H |    00000003  l__FONT_H
     00000003  l__HEADER |    00000003  l__HEADER |    00000005  l__HEADER
     00000006  l__HEADER |    00000007  l__HEADER |    00000008  l__HEADER
     00000010  l__DRAW_H |    00000014  l__GSINIT |    0000002C  l__HEADER
     00000033  l__HEADER |    00000053  l__BSS    |    0000007E  l__HEADER
     000000A8  l__HOME   |    00000200  s__CODE   |    00000CA9  l__CODE  
     00000E86  l__BASE   |    00000EA9  s__HOME   |    00000F51  s__BASE  
     00001DD7  s__CODE_0 |    00001DD7  s__GSINIT |    00001DD7  s__LIT   
     00001DEB  s__GSFINA |    0000C000  _shadow_O |    0000C0A0  s__BSS   
     0000C0A0  s__DATA   |    0000C0F3  s__HEAP   |    0000E000  .STACK   
     0000FF80  .refresh_
ASxxxx Linker V03.00 + NoICE + sdld,  page 2.
Hexadecimal  [32-Bits]

Area                       Addr        Size        Decimal Bytes (Attributes)
--------------------       ----        ----        ------- ----- ------------
_CODE                  00000200    00000CA9 =        3241. bytes (REL,CON)

        Value  Global            Value  Global            Value  Global    
        -----  ------            -----  ------            -----  ------    
     00000200  _main     |    0000022E  _putchar  |    00000237  _setchar 
     00000240  _gotoxy   |    0000024B  _posx     |    0000025C  _posy    
     0000026D  .adv_gcur |    0000028A  .circle   |    0000032D  .horlin  
     00000365  .verlin   |    000003C1  .circplot |    0000043F  .box     
     00000515  .line     |    00000636  .xonly    |    00000785  .yonly   
     000007A6  .plot     |    000007C3  .wrbyte   |    00000845  .getpix  
     0000087A  .wrtchr   |    000008DE  _gotogxy  |    000008E9  _wrtchr  
     000008FE  _getpix   |    0000090A  _color    |    00000919  _circle  
     00000933  _box      |    00000957  _line     |    0000096F  _plot_poi
     00000983  _plot     |    00000A49  ___printf |    00000E03  _utoa    
     00000E12  _itoa     |    00000E21  .itoa     |    00000E35  .utoa    
ASxxxx Linker V03.00 + NoICE + sdld,  page 3.
Hexadecimal  [32-Bits]

Area                       Addr        Size        Decimal Bytes (Attributes)
--------------------       ----        ----        ------- ----- ------------
_HEADER0               00000000    00000001 =           1. bytes (ABS,CON)

        Value  Global            Value  Global            Value  Global    
        -----  ------            -----  ------            -----  ------    
     00000020  .call_hl 
ASxxxx Linker V03.00 + NoICE + sdld,  page 4.
Hexadecimal  [32-Bits]

Area                       Addr        Size        Decimal Bytes (Attributes)
--------------------       ----        ----        ------- ----- ------------
_HEADER1               00000000    00000005 =           5. bytes (ABS,CON)

        Value  Global            Value  Global            Value  Global    
        -----  ------            -----  ------            -----  ------    
     00000028  .MemsetSm
ASxxxx Linker V03.00 + NoICE + sdld,  page 5.
Hexadecimal  [32-Bits]

Area                       Addr        Size        Decimal Bytes (Attributes)
--------------------       ----        ----        ------- ----- ------------
_HEADER2               00000000    00000007 =           7. bytes (ABS,CON)

        Value  Global            Value  Global            Value  Global    
        -----  ------            -----  ------            -----  ------    
     00000030  .MemcpySm
ASxxxx Linker V03.00 + NoICE + sdld,  page 6.
Hexadecimal  [32-Bits]

Area                       Addr        Size        Decimal Bytes (Attributes)
--------------------       ----        ----        ------- ----- ------------
_HEADER3               00000000    00000008 =           8. bytes (ABS,CON)

        Value  Global            Value  Global            Value  Global    
        -----  ------            -----  ------            -----  ------    
ASxxxx Linker V03.00 + NoICE + sdld,  page 7.
Hexadecimal  [32-Bits]

Area                       Addr        Size        Decimal Bytes (Attributes)
--------------------       ----        ----        ------- ----- ------------
_HEADER4               00000000    0000002C =          44. bytes (ABS,CON)

        Value  Global            Value  Global            Value  Global    
        -----  ------            -----  ------            -----  ------    
     00000080  .int      |    0000008F  _wait_int
ASxxxx Linker V03.00 + NoICE + sdld,  page 8.
Hexadecimal  [32-Bits]

Area                       Addr        Size        Decimal Bytes (Attributes)
--------------------       ----        ----        ------- ----- ------------
_HEADER5               00000000    00000033 =          51. bytes (ABS,CON)

        Value  Global            Value  Global            Value  Global    
        -----  ------            -----  ------            -----  ------    
ASxxxx Linker V03.00 + NoICE + sdld,  page 9.
Hexadecimal  [32-Bits]

Area                       Addr        Size        Decimal Bytes (Attributes)
--------------------       ----        ----        ------- ----- ------------
_HEADER6               00000000    00000006 =           6. bytes (ABS,CON)

        Value  Global            Value  Global            Value  Global    
        -----  ------            -----  ------            -----  ------    
ASxxxx Linker V03.00 + NoICE + sdld,  page 10.
Hexadecimal  [32-Bits]

Area                       Addr        Size        Decimal Bytes (Attributes)
--------------------       ----        ----        ------- ----- ------------
_HEADER7               00000000    00000003 =           3. bytes (ABS,CON)

        Value  Global            Value  Global            Value  Global    
        -----  ------            -----  ------            -----  ------    
ASxxxx Linker V03.00 + NoICE + sdld,  page 11.
Hexadecimal  [32-Bits]

Area                       Addr        Size        Decimal Bytes (Attributes)
--------------------       ----        ----        ------- ----- ------------
_HEADER8               00000000    00000001 =           1. bytes (ABS,CON)

        Value  Global            Value  Global            Value  Global    
        -----  ------            -----  ------            -----  ------    
ASxxxx Linker V03.00 + NoICE + sdld,  page 12.
Hexadecimal  [32-Bits]

Area                       Addr        Size        Decimal Bytes (Attributes)
--------------------       ----        ----        ------- ----- ------------
_HEADER9               00000000    00000001 =           1. bytes (ABS,CON)

        Value  Global            Value  Global            Value  Global    
        -----  ------            -----  ------            -----  ------    
ASxxxx Linker V03.00 + NoICE + sdld,  page 13.
Hexadecimal  [32-Bits]

Area                       Addr        Size        Decimal Bytes (Attributes)
--------------------       ----        ----        ------- ----- ------------
_HEADERa               00000000    00000001 =           1. bytes (ABS,CON)

        Value  Global            Value  Global            Value  Global    
        -----  ------            -----  ------            -----  ------    
ASxxxx Linker V03.00 + NoICE + sdld,  page 14.
Hexadecimal  [32-Bits]

Area                       Addr        Size        Decimal Bytes (Attributes)
--------------------       ----        ----        ------- ----- ------------
_HEADERb               00000000    00000002 =           2. bytes (ABS,CON)

        Value  Global            Value  Global            Value  Global    
        -----  ------            -----  ------            -----  ------    
ASxxxx Linker V03.00 + NoICE + sdld,  page 15.
Hexadecimal  [32-Bits]

Area                       Addr        Size        Decimal Bytes (Attributes)
--------------------       ----        ----        ------- ----- ------------
_HEADERc               00000000    00000001 =           1. bytes (ABS,CON)

        Value  Global            Value  Global            Value  Global    
        -----  ------            -----  ------            -----  ------    
ASxxxx Linker V03.00 + NoICE + sdld,  page 16.
Hexadecimal  [32-Bits]

Area                       Addr        Size        Decimal Bytes (Attributes)
--------------------       ----        ----        ------- ----- ------------
_HEADERd               00000000    00000001 =           1. bytes (ABS,CON)

        Value  Global            Value  Global            Value  Global    
        -----  ------            -----  ------            -----  ------    
ASxxxx Linker V03.00 + NoICE + sdld,  page 17.
Hexadecimal  [32-Bits]

Area                       Addr        Size        Decimal Bytes (Attributes)
--------------------       ----        ----        ------- ----- ------------
_HEADERe               00000000    00000002 =           2. bytes (ABS,CON)

        Value  Global            Value  Global            Value  Global    
        -----  ------            -----  ------            -----  ------    
ASxxxx Linker V03.00 + NoICE + sdld,  page 18.
Hexadecimal  [32-Bits]

Area                       Addr        Size        Decimal Bytes (Attributes)
--------------------       ----        ----        ------- ----- ------------
_HEADERf               00000000    0000007E =         126. bytes (ABS,CON)

        Value  Global            Value  Global            Value  Global    
        -----  ------            -----  ------            -----  ------    
     00000150  .reset    |    00000150  _reset    |    00000153  .code_sta
     000001B1  _exit     |    000001B5  _enable_i |    000001B7  _disable_
     000001B9  _set_inte
ASxxxx Linker V03.00 + NoICE + sdld,  page 19.
Hexadecimal  [32-Bits]

Area                       Addr        Size        Decimal Bytes (Attributes)
--------------------       ----        ----        ------- ----- ------------
_HEADER10              00000000    00000001 =           1. bytes (ABS,CON)

        Value  Global            Value  Global            Value  Global    
        -----  ------            -----  ------            -----  ------    
ASxxxx Linker V03.00 + NoICE + sdld,  page 20.
Hexadecimal  [32-Bits]

Area                       Addr        Size        Decimal Bytes (Attributes)
--------------------       ----        ----        ------- ----- ------------
_HOME                  00000EA9    000000A8 =         168. bytes (REL,CON)

        Value  Global            Value  Global            Value  Global    
        -----  ------            -----  ------            -----  ------    
     00000EA9  .remove_V |    00000EAC  .remove_i |    00000EC9  .add_VBL 
     00000ECC  .add_int  |    00000ED7  .wait_vbl |    00000ED7  _wait_vbl
     00000EE6  .display_ |    00000EE6  _display_ |    00000EFD  _remove_V
     00000F08  _add_VBL  |    00000F13  _printf   |    00000F2E  _sprintf 
ASxxxx Linker V03.00 + NoICE + sdld,  page 21.
Hexadecimal  [32-Bits]

Area                       Addr        Size        Decimal Bytes (Attributes)
--------------------       ----        ----        ------- ----- ------------
_BASE                  00000F51    00000E86 =        3718. bytes (REL,CON)

        Value  Global            Value  Global            Value  Global    
        -----  ------            -----  ------            -----  ------    
     00000F51  font_copy |    00000F81  font_copy |    00000FD0  font_load
     00001018  font_copy |    00001060  font_set  |    0000106D  .put_char
     00001086  .out_char |    0000108D  .del_char |    000010E4  _font_loa
     000010F2  _font_set |    00001101  _font_ini |    00001123  .cls     
     00001123  _cls      |    00001155  .cr_curs  |    0000116A  .adv_curs
     000011C6  .tmode    |    000011EF  .tmode_ou |    000011FF  _font_loa
     00001206  _font_ibm |    00001308  _font_ibm |    00001B08  .gmode   
     00001B6A  .vbl      |    00001B75  .lcd      |    00001B82  .draw_ima
     00001B8C  .switch_d |    00001BC6  _switch_d |    00001BE1  _draw_ima
     00001BF4  .y_table  |    00001D43  _add_LCD  |    00001D4E  .add_LCD 
     00001D54  _remove_L |    00001D5F  .remove_L |    00001D65  .init_wtt
     00001D6D  .init_btt |    00001D7B  .init_tt  |    00001D7E  .init_vra
     00001DB4  .copy_vra |    00001DC3  _get_data |    00001DC3  _set_data
     00001DD6  ___sdcc_c
ASxxxx Linker V03.00 + NoICE + sdld,  page 22.
Hexadecimal  [32-Bits]

Area                       Addr        Size        Decimal Bytes (Attributes)
--------------------       ----        ----        ------- ----- ------------
_GSINIT                00001DD7    00000014 =          20. bytes (REL,CON)

        Value  Global            Value  Global            Value  Global    
        -----  ------            -----  ------            -----  ------    
     00001DD7  gsinit   
ASxxxx Linker V03.00 + NoICE + sdld,  page 23.
Hexadecimal  [32-Bits]

Area                       Addr        Size        Decimal Bytes (Attributes)
--------------------       ----        ----        ------- ----- ------------
_GSFINAL               00001DEB    00000001 =           1. bytes (REL,CON)

        Value  Global            Value  Global            Value  Global    
        -----  ------            -----  ------            -----  ------    
ASxxxx Linker V03.00 + NoICE + sdld,  page 24.
Hexadecimal  [32-Bits]

Area                       Addr        Size        Decimal Bytes (Attributes)
--------------------       ----        ----        ------- ----- ------------
_BSS                   0000C0A0    00000053 =          83. bytes (REL,CON)

        Value  Global            Value  Global            Value  Global    
        -----  ------            -----  ------            -----  ------    
     0000C0A0  __cpu     |    0000C0A1  .mode     |    0000C0A2  .sys_time
     0000C0A2  _sys_time |    0000C0A4  .int_0x40 |    0000C0B8  font_curr
     0000C0BB  font_firs |    0000C0BC  font_tabl |    0000C0CE  .curx    
     0000C0CF  .cury     |    0000C0D0  .fg_colou |    0000C0D1  .bg_colou
     0000C0E3  .int_0x48
ASxxxx Linker V03.00 + NoICE + sdld,  page 25.
Hexadecimal  [32-Bits]

Area                       Addr        Size        Decimal Bytes (Attributes)
--------------------       ----        ----        ------- ----- ------------
_HEAP                  0000C0F3    00000000 =           0. bytes (REL,CON)

        Value  Global            Value  Global            Value  Global    
        -----  ------            -----  ------            -----  ------    
     0000C0F3  _malloc_h
ASxxxx Linker V03.00 + NoICE + sdld,  page 26.
Hexadecimal  [32-Bits]

Area                       Addr        Size        Decimal Bytes (Attributes)
--------------------       ----        ----        ------- ----- ------------
_HRAM11                00000000    00000002 =           2. bytes (ABS,CON)

        Value  Global            Value  Global            Value  Global    
        -----  ------            -----  ------            -----  ------    
     0000FF90  __current
ASxxxx Linker V03.00 + NoICE + sdld,  page 27.
Hexadecimal  [32-Bits]

Area                       Addr        Size        Decimal Bytes (Attributes)
--------------------       ----        ----        ------- ----- ------------
_FONT_HEADER0          00000000    00000003 =           3. bytes (ABS,CON)

        Value  Global            Value  Global            Value  Global    
        -----  ------            -----  ------            -----  ------    
ASxxxx Linker V03.00 + NoICE + sdld,  page 28.
Hexadecimal  [32-Bits]

Area                       Addr        Size        Decimal Bytes (Attributes)
--------------------       ----        ----        ------- ----- ------------
_DRAW_HEADER0          00000000    00000010 =          16. bytes (ABS,CON)

        Value  Global            Value  Global            Value  Global    
        -----  ------            -----  ------            -----  ------    
ASxxxx Linker V03.00 + NoICE + sdld,  page 29.
Hexadecimal  [32-Bits]

Area                       Addr        Size        Decimal Bytes (Attributes)
--------------------       ----        ----        ------- ----- ------------
_DRAW_HEADER1          00000000    00000003 =           3. bytes (ABS,CON)

        Value  Global            Value  Global            Value  Global    
        -----  ------            -----  ------            -----  ------    
ASxxxx Linker V03.00 + NoICE + sdld,  page 30.
Hexadecimal  [32-Bits]

Area                       Addr        Size        Decimal Bytes (Attributes)
--------------------       ----        ----        ------- ----- ------------
_HEADER_LCD0           00000000    00000003 =           3. bytes (ABS,CON)

        Value  Global            Value  Global            Value  Global    
        -----  ------            -----  ------            -----  ------    
ASxxxx Linker V03.00 + NoICE + sdld,  page 31.

Files Linked                              [ module(s) ]

C:\Users\carlo\Desktop\Periodo 7\IHS\Projeto Snake-Corona\tools\gbdk\lib/small/asxxxx/gb/crt0.o
                                          [ Runtime ]
main.o                                    [ main ]


Libraries Linked                          [ object file ]

C:\Users\carlo\Desktop\Periodo 7\IHS\Projeto Snake-Corona\tools\gbdk\lib/small/asxxxx/gbz80/gbz80.lib
                                          [ printf.o ]
C:\Users\carlo\Desktop\Periodo 7\IHS\Projeto Snake-Corona\tools\gbdk\lib/small/asxxxx/gb/gb.lib
                                          [ font.o ]
C:\Users\carlo\Desktop\Periodo 7\IHS\Projeto Snake-Corona\tools\gbdk\lib/small/asxxxx/gb/gb.lib
                                          [ ibmfixed.o ]
C:\Users\carlo\Desktop\Periodo 7\IHS\Projeto Snake-Corona\tools\gbdk\lib/small/asxxxx/gb/gb.lib
                                          [ drawing.o ]
C:\Users\carlo\Desktop\Periodo 7\IHS\Projeto Snake-Corona\tools\gbdk\lib/small/asxxxx/gb/gb.lib
                                          [ lcd.o ]
C:\Users\carlo\Desktop\Periodo 7\IHS\Projeto Snake-Corona\tools\gbdk\lib/small/asxxxx/gbz80/gbz80.lib
                                          [ sprintf.o ]
C:\Users\carlo\Desktop\Periodo 7\IHS\Projeto Snake-Corona\tools\gbdk\lib/small/asxxxx/gb/gb.lib
                                          [ init_tt.o ]
C:\Users\carlo\Desktop\Periodo 7\IHS\Projeto Snake-Corona\tools\gbdk\lib/small/asxxxx/gb/gb.lib
                                          [ cpy_data.o ]
C:\Users\carlo\Desktop\Periodo 7\IHS\Projeto Snake-Corona\tools\gbdk\lib/small/asxxxx/gbz80/gbz80.lib
                                          [ itoa.o ]
C:\Users\carlo\Desktop\Periodo 7\IHS\Projeto Snake-Corona\tools\gbdk\lib/small/asxxxx/gbz80/gbz80.lib
                                          [ __sdcc_call_hl.o ]

ASxxxx Linker V03.00 + NoICE + sdld,  page 32.

User Base Address Definitions

_DATA=0xc0a0
_CODE=0x0200
ASxxxx Linker V03.00 + NoICE + sdld,  page 33.

User Global Definitions

_shadow_OAM=0xC000
.STACK=0xE000
.refresh_OAM=0xFF80

